Starting Scheduler Test...
Found 174 active supervisors.
Found 183 active schools.
Current Month: 4, Year: 2026. Working days (excl. Fridays): 26
Supervisor ╪╣┘à╪د╪» ╪د┘╪│┘è╪» ┘à╪ص┘à╪» ╪د╪ص┘à╪»: Found 148 compatible schools.
Supervisor ┘à╪▒┘ê╪ر ╪ص╪│┘ ╪│┘┘è┘à╪د┘ ╪╣╪╖┘è╪ر: Found 148 compatible schools.
Supervisor ╪▒╪┤╪د ┘à╪ص┘à╪» ╪╣╪د╪»┘ ╪▓┘â┘ë ╪د┘╪│┘╪ش╪▒┘ë: Found 148 compatible schools.
Supervisor ╪ص╪د╪▓┘à ╪╡┘┘ê╪ز ╪╣╪ذ╪» ╪د┘┘à╪╣╪╖┘ë ┘à╪╡╪╖┘┘ë: Found 148 compatible schools.
Supervisor ┘╪ش┘╪د╪ة ┘┘ê┘è┘ç┘ë ┘à╪ص┘à╪» ╪د╪ذ╪▒╪د┘ç┘è┘à: Found 148 compatible schools.
Supervisor ╪ش┘è┘ç╪د┘ ┘à╪ص┘à╪» ╪د╪ص┘à╪» ╪د╪ذ╪▒╪د┘ç┘è┘à: Found 148 compatible schools.
Supervisor ╪د┘è┘à╪د┘ ┘à╪ص┘à╪» ┘â╪د┘à┘ ╪╣╪ذ╪» ╪د┘┘à╪╖┘╪ذ: Found 148 compatible schools.
Supervisor ╪┤┘è┘à╪د╪ة ╪د╪ص┘à╪» ┘┘ê╪▓┘ë ╪╣╪ذ╪» ╪د┘╪╣╪╕┘è┘à: Found 90 compatible schools.
Supervisor ╪»╪╣╪د╪ة ╪╣╪ذ╪» ╪د┘┘à┘╪╣┘à ┘à╪ص┘à╪» ╪د╪ذ╪▒╪د┘ç┘è┘à: Found 90 compatible schools.
Supervisor ┘à┘ç╪د ┘╪د╪▒┘ê┘é ┘à┘ç╪»┘ë ╪╣┘┘ë: Found 90 compatible schools.
Supervisor ╪د┘┘ç╪د┘à ╪╣╪ذ╪»╪د┘╪▒╪ص┘à┘ ┘à╪ص┘à┘ê╪» ╪د╪│┘à╪د╪╣┘è┘: Found 148 compatible schools.
Supervisor ┘à╪ص┘à╪» ┘à╪╡╪╖┘┘è ╪╣╪ذ╪»╪د┘╪║┘┘è ┘à┘è╪»╪د┘: Found 20 compatible schools.
Supervisor ╪ث┘à┘ ┘â┘à╪د┘ ╪د┘╪»┘è┘ ╪╣╪ذ╪»╪د┘╪╣╪▓┘è╪▓ ╪د┘┘à╪│┘┘à┘è: Found 86 compatible schools.
Supervisor ╪د┘╪│┘è╪» ┘à╪ص┘à╪» ╪«┘┘è┘ ┘╪▒╪ش: Found 20 compatible schools.
Supervisor ┘à╪ص┘à┘ê╪» ╪د┘╪│┘è╪» ┘à╪ص┘à╪» ╪د╪│┘à╪د╪╣┘è┘ ╪┤╪ص╪د╪ز╪ر: Found 86 compatible schools.
Supervisor ╪│┘╪د┘╪ر ╪▓╪║┘┘ê┘ ╪║┘à╪▒┘è ┘à╪ص┘à╪»: Found 86 compatible schools.
Supervisor ┘ê┘╪د╪ة ╪ص┘à╪»┘è ╪ص╪د┘à╪» ╪د┘╪│┘è╪»: Found 86 compatible schools.
Supervisor ┘à╪ص┘à╪» ╪د┘┘ç╪د╪»┘è ┘à╪▒╪│┘è ╪د╪ذ╪▒╪د┘ç┘è┘à: Found 90 compatible schools.
Supervisor ╪╣┘┘è ╪د╪ص┘à╪» ╪╣┘┘è ╪╣╪╖┘è╪ر: Found 90 compatible schools.
Supervisor ╪د╪ص┘à╪» ┘╪ز╪ص┘è ╪د╪│┘à╪د╪╣┘è┘ ╪د╪ذ╪▒╪د┘ç┘è┘à: Found 90 compatible schools.
Supervisor ╪╣╪▓┘è╪▓╪ر ┘à╪╡╪╖┘┘è ╪╣╪ذ╪»╪د┘┘┘ç ╪╣┘┘è: Found 90 compatible schools.
Supervisor ╪د╪ص┘à╪» ┘╪╡╪▒ ┘à╪ص┘à┘ê╪» ┘à╪ص┘à╪»: Found 90 compatible schools.
Supervisor ┘ç╪»┘è ┘à╪ص┘à╪» ┘à╪ص┘à╪» ╪╣┘┘è: Found 90 compatible schools.
Supervisor ┘è╪د╪│┘à┘è┘ ┘è┘ê╪│┘ ╪╣┘┘è ╪د╪ذ╪▒╪د┘ç┘è┘à: Found 90 compatible schools.
Supervisor ┘ê┘╪د╪ة ┘╪ج╪د╪» ┘à╪ز┘ê┘┘è ┘è┘ê╪│┘: Found 90 compatible schools.
Supervisor ┘╪ش┘╪د╪ة ╪╣╪ذ╪»╪د┘╪╣╪▓┘è╪▓ ┘à╪ص┘à╪» ╪╣┘┘è: Found 90 compatible schools.
Supervisor ╪»╪د┘┘è╪د ┘à╪ص┘à┘ê╪» ╪╣┘┘è ┘à╪▒╪│┘è: Found 90 compatible schools.
Supervisor ┘ê┘╪د╪ة ╪د┘╪│┘è╪» ╪╣╪ذ╪»╪د┘╪╣╪د┘: Found 90 compatible schools.
Supervisor ╪ص┘╪د┘ ┘╪د╪▒┘ê┘é ╪د┘╪»╪│┘ê┘é┘è: Found 90 compatible schools.
Supervisor ╪ش┘è┘ç╪د┘ ┘┘ê╪▓┘è ╪╣┘┘è ╪د╪ذ╪▒╪د┘ç┘è┘à: Found 90 compatible schools.
Supervisor ┘ç┘╪د╪ة ┘à╪ص┘à╪» ╪ش┘ê╪»┘ç: Found 90 compatible schools.
Supervisor ┘à╪ص╪│┘ ╪╣╪ذ╪» ╪د┘╪ذ╪»┘è╪╣ ┘à╪ص┘à╪»: Found 148 compatible schools.
Supervisor ┘è╪│╪▒┘ë ┘à╪ص┘à╪» ╪╣╪ذ╪» ╪د┘┘à╪╖┘╪ذ ┘à╪╡╪╖┘┘ë: Found 148 compatible schools.
Supervisor ╪د╪ص┘à╪» ╪د╪ذ╪▒╪د┘ç┘è┘à ╪د┘╪»╪│┘ê┘é┘ë ╪╣╪ذ╪» ╪د┘┘╪╖┘è┘: Found 148 compatible schools.
Supervisor ╪╡┘╪د╪ص ┘à╪ص┘à╪» ╪╣╪ذ╪» ╪د┘╪│┘╪د┘à ┘à╪ص┘à╪»: Found 148 compatible schools.
Supervisor ┘┘ç╪د ╪د╪│┘à╪د╪╣┘è┘ ╪╣╪ذ╪»╪د┘╪ذ╪د┘é┘ë: Found 148 compatible schools.
Supervisor ┘â╪د┘à┘ ╪╣╪ذ╪»╪د┘┘┘ç ╪╣╪د┘à╪▒: Found 148 compatible schools.
Supervisor ╪ص╪│┘ ╪│╪╣┘è╪» ╪╣╪ذ╪»╪د┘╪ذ╪د╪▒┘ë: Found 148 compatible schools.
Supervisor ┘à╪▒┘╪ز ┘à╪╡╪╖┘┘ë ╪ص╪│┘: Found 148 compatible schools.
Supervisor ┘ç┘╪د╪ة ╪╣╪╖┘è┘ç ╪ص╪│┘: Found 148 compatible schools.
Supervisor ┘╪ش╪▒ ╪ص┘à╪د╪»┘ç ┘à╪ص┘à╪»: Found 148 compatible schools.
Supervisor ┘╪ش┘╪د╪ة ┘╪ز╪ص┘ë ╪╣╪ذ╪»╪د┘┘é╪د╪»╪▒: Found 148 compatible schools.
Supervisor ┘à╪ص╪│┘ ╪د┘╪│┘è╪»╪» ╪╣╪ذ╪»┘ç: Found 148 compatible schools.
Supervisor ╪ص┘╪د┘ ┘à╪ص┘à┘ê╪» ╪╣╪▓╪ذ: Found 148 compatible schools.
Supervisor ╪ص┘╪د┘ ╪د╪ص┘à╪» ╪د┘╪│┘è╪»: Found 148 compatible schools.
Supervisor ╪╣┘╪د╪ة ╪د╪ص┘à╪» ┘ê╪د┘┘ë: Found 148 compatible schools.
Supervisor ┘à╪ص┘à╪» ╪ح┘à╪ذ╪د╪ذ┘ë ╪╣╪ذ╪د╪│: Found 148 compatible schools.
Supervisor ╪╣╪▓┘ç ┘à╪ص┘à╪» ┘à╪ص┘à╪»: Found 148 compatible schools.
Supervisor ┘ç╪د┘┘à ╪│╪د┘┘à ┘à╪ص┘à╪»: Found 148 compatible schools.
Supervisor ┘à╪ص┘à╪» ╪ش╪د╪ذ╪▒ ╪╣╪ذ╪»╪د┘┘╪ز╪د╪ص: Found 148 compatible schools.
Supervisor ╪▒╪╢╪د ┘╪ذ┘è┘ ┘à╪ص┘à╪» ╪╣╪ذ╪»╪د┘╪ص┘à┘è╪»: Found 148 compatible schools.
Supervisor ┘à┘╪د┘ ╪╣╪ذ╪»╪د┘┘à╪ش┘è╪» ╪ص╪│┘è┘ ┘╪╡╪د╪▒: Found 148 compatible schools.
Supervisor ┘à╪ص┘à╪» ╪╣╪ذ╪» ╪د┘╪▒╪ج┘ê┘ ╪╣╪ذ╪» ╪د┘╪▒╪ص┘à┘: Found 20 compatible schools.
Supervisor ╪╣╪▓┘ç ╪╣╪ذ╪»╪د┘╪▒╪د╪▓┘é ╪│╪د┘┘à: Found 20 compatible schools.
Supervisor ┘à┘ç╪د ┘à╪ص┘à╪» ╪╡╪ذ╪▒┘ë ╪╣╪ذ╪»╪د┘╪ص┘ë ╪د╪ذ╪▒╪د┘ç┘è┘à: Found 86 compatible schools.
Supervisor ╪د╪ص┘à╪» ╪ذ┘è┘ê┘à┘ë ╪╣╪ذ╪»╪د┘┘┘ç ╪ذ┘è┘ê┘à┘ë: Found 86 compatible schools.
Supervisor ╪د╪ص┘à╪» ╪╣╪ذ╪»╪د┘┘┘ç ╪ش┘à╪╣┘ç ╪د╪│┘à╪د╪╣┘è┘: Found 86 compatible schools.
Supervisor ╪╣╪▓┘è╪▓┘ç ╪╣╪ذ╪»╪د┘┘à┘╪╣┘à ╪╣┘┘ë ╪د╪ص┘à╪»: Found 90 compatible schools.
Supervisor ╪ث┘à╪د┘┘ë ╪│┘╪د┘à ┘à╪ص┘à╪» ╪│┘┘è┘à╪د┘: Found 90 compatible schools.
Supervisor ┘à╪ص┘à╪» ┘à╪ص┘à╪» ┘à╪ص┘à┘ê╪» ┘à╪ز┘ê┘┘ë: Found 148 compatible schools.
Supervisor ╪د┘╪│┘è╪» ┘à┘à╪»┘ê╪ص ╪د╪ذ╪▒╪د┘ç┘è┘à ╪ص╪د┘à╪»: Found 148 compatible schools.
Supervisor ┘è╪د╪│╪▒ ┘à╪│┘┘à ┘à┘╪╡┘ê╪▒ ╪│╪╣╪»┘ê┘: Found 148 compatible schools.
Supervisor ┘à╪ص┘à┘ê╪» ╪د╪ص┘à╪» ╪د╪ذ╪▒╪د┘ç┘è┘à ╪د╪ص┘à╪»: Found 148 compatible schools.
Supervisor ╪╣╪▒╪د╪ذ┘ë ╪│╪╣┘è╪» ╪د┘╪│┘è╪» ╪د┘╪ذ┘╪د: Found 148 compatible schools.
Supervisor ╪╡╪ذ╪ص ╪╖╪د┘ç╪▒ ╪╡╪»┘è┘é ┘à┘╪╡┘ê╪▒: Found 148 compatible schools.
Supervisor ┘à┘┘è ┘╪د╪▒┘ê┘é ╪د┘╪┤╪▒┘è┘: Found 148 compatible schools.
Supervisor ╪ز╪د┘à╪▒ ┘à╪ص┘à╪» ╪╣╪ذ╪» ╪د┘╪ص┘à┘è╪»: Found 148 compatible schools.
Supervisor ╪ث┘à┘è╪▒╪ر ╪╣╪ذ╪» ╪د┘╪╣┘┘è┘à ╪╣╪ذ╪» ╪د┘╪╣╪╕┘è┘à: Found 148 compatible schools.
Supervisor ┘à┘╪د┘ ╪╣╪ذ╪» ╪د┘┘é╪د╪»╪▒ ╪│╪╣╪»: Found 148 compatible schools.
Supervisor ┘à╪ص┘à╪» ╪╣╪╖┘è╪ر ╪د╪ذ╪▒╪د┘ç┘è┘à: Found 148 compatible schools.
Supervisor ┘à╪ص┘à╪» ╪د┘╪│┘è╪» ╪ص╪│┘ ╪╣╪ذ╪» ╪د┘╪ص┘à┘è╪»: Found 20 compatible schools.
Supervisor ╪│╪ص╪▒ ╪د╪ذ╪▒╪د┘ç┘è┘à ╪د┘╪│┘è╪»: Found 86 compatible schools.
Supervisor ┘┘à┘è╪د╪ة ╪د┘╪┤╪د╪░┘┘ë ┘╪▒╪ش: Found 86 compatible schools.
Supervisor ╪ص┘╪د┘ ┘à╪ص┘à╪» ┘à╪ص┘à┘ê╪»: Found 148 compatible schools.
Supervisor ┘à╪▒┘ê╪ر ╪╣╪ذ╪» ╪د┘┘à┘╪╣┘à ╪╣╪ذ╪» ╪د┘┘à╪ش┘è╪»: Found 148 compatible schools.
Supervisor ╪»╪د┘┘è╪د ╪╡╪ذ╪ص┘è ╪╣╪▓┘è╪▓: Found 20 compatible schools.
Supervisor ╪«┘è╪▒┘è ╪د┘╪│┘è╪» ╪د╪ص┘à╪» ╪╣┘┘è: Found 20 compatible schools.
Supervisor ╪ص┘╪د┘ ┘à╪ص┘à┘ê╪» ╪د╪ص┘à╪» ╪╣┘┘è: Found 20 compatible schools.
Supervisor ╪د┘è┘ç╪د╪ذ ╪د┘╪│┘è╪» ╪╣╪ذ╪»╪د┘╪▒╪ج┘ ╪د┘╪│┘è╪»: Found 148 compatible schools.
Supervisor ╪╣┘à╪▒┘ê ╪▓┘â╪▒┘è╪د ╪د╪ذ╪▒╪د┘ç┘è┘à ╪ص╪│┘: Found 148 compatible schools.
Supervisor ┘╪د┘ç╪» ┘┘ç┘à┘ë ╪╣┘è╪│┘ë ┘à╪╖╪▒: Found 148 compatible schools.
Supervisor ╪┤╪▒┘è┘ ┘à╪ص┘à╪» ╪«┘┘è┘ ╪د┘┘é┘╪د╪╡: Found 148 compatible schools.
Supervisor ┘à╪ص┘à╪» ╪▒╪╢┘ê╪د┘ ╪╣╪╖┘è╪ر ╪▒╪╢┘ê╪د┘: Found 148 compatible schools.
Supervisor ┘ç╪┤╪د┘à ┘à╪ص┘à╪» ╪د┘╪ز┘ç╪د┘à┘ë ╪«┘┘è┘ ╪ص╪│╪د┘┘è┘: Found 148 compatible schools.
Supervisor ┘à╪ص╪│┘  ╪د┘╪│┘è╪» ╪╣┘┘ë ╪د┘┘é╪╖╪د┘ê┘ë: Found 148 compatible schools.
Supervisor ┘à╪«┘╪╡ ┘à╪ص┘à╪» ╪┤┘ê┘é┘ë ╪د╪│┘à╪د╪╣┘è┘: Found 148 compatible schools.
Supervisor ┘à╪ص┘à╪» ┘à╪╡╪╖┘┘ë ╪ص╪│┘è┘ ╪╣┘┘è┘ê┘ç: Found 148 compatible schools.
Supervisor ╪د╪ص┘à╪» ╪╡╪ذ╪ص┘è ╪╣╪ذ╪» ╪د┘╪»╪د┘è┘à ╪«┘┘è┘: Found 148 compatible schools.
Supervisor ╪│╪ص╪▒ ┘à╪ص┘à╪» ┘â┘à╪د┘ ╪ح╪ذ╪▒╪د┘ç┘è┘à: Found 148 compatible schools.
Supervisor ╪«╪د┘╪» ┘à╪ص┘à╪» ╪▒╪┤╪د╪» ┘à╪╡╪╖┘┘ë ╪ث╪ص┘à╪»: Found 148 compatible schools.
Supervisor ╪┤╪▒┘è┘ ┘à╪ص┘à╪» ╪╣╪ذ╪» ╪د┘╪ص┘à┘è╪»: Found 148 compatible schools.
Supervisor ┘╪▒┘à┘è┘ ┘à╪ز┘ê┘┘ë ╪ث╪ص┘à╪» ┘à╪ز┘ê┘┘ë: Found 148 compatible schools.
Supervisor ╪│┘à┘è╪▒ ╪╣╪ذ╪» ╪د┘╪╣╪▓┘è╪▓ ┘à╪ص┘à╪» ┘à╪ص┘à╪»: Found 148 compatible schools.
Supervisor ╪▒╪┤╪د ╪د┘╪│┘è╪» ╪╣╪ذ╪» ╪د┘╪╣╪╕┘è┘à ╪ث╪ذ┘ê ╪د┘╪╣┘è┘┘è┘: Found 148 compatible schools.
Supervisor ╪ث╪ص┘à╪»  ┘à╪╡╪╖┘┘ë ╪ث┘à┘è┘ ╪د┘┘à╪│┘┘à┘ë: Found 148 compatible schools.
Supervisor ┘ç┘╪د╪ة ╪╣╪ذ╪» ╪د┘╪▒╪ص┘à┘ ┘à╪ص┘à╪»  ┘à╪ص┘à╪»: Found 148 compatible schools.
Supervisor ┘è╪د╪│╪▒ ┘à╪ص┘à╪» ┘╪ج╪د╪» ╪╣╪ذ╪» ╪د┘╪│┘╪د┘à ╪ح╪ذ╪▒╪د┘ç┘è┘à: Found 20 compatible schools.
Supervisor ╪«╪د┘╪» ╪╣╪ذ╪»╪د┘┘ç╪د╪»┘è ╪▒┘à╪╢╪د┘ ╪▒┘à╪╢╪د┘: Found 20 compatible schools.
Supervisor ╪╣╪╡╪د┘à ╪╖┘╪╣╪ز ╪د╪ص┘à╪» ╪ح╪│┘à╪د╪╣┘è┘: Found 20 compatible schools.
Supervisor ┘è╪د╪│╪▒ ╪╣╪ذ╪»╪د┘┘╪ز╪د╪ص ╪╣┘┘è ╪د┘à┘è┘: Found 20 compatible schools.
Supervisor ┘à╪ص┘à╪» ┘à╪ص┘à┘ê╪» ╪╣╪ذ╪» ╪د┘╪│┘à┘è╪╣ ┘à╪╡╪╖┘┘ë: Found 86 compatible schools.
Supervisor ┘ç┘è╪د┘à ╪╡┘╪د╪ص ┘à╪║╪د┘ê╪▒┘è ┘à╪ص┘à╪»: Found 86 compatible schools.
Supervisor ┘ç┘è╪د┘à ╪╣╪ذ╪» ╪د┘┘┘ç ┘à┘ç╪»┘è ╪ص╪│┘: Found 86 compatible schools.
Supervisor ╪▒┘è┘ç╪د┘à ┘à╪ص┘à╪» ╪د┘╪│┘è╪» ┘à╪ص┘à╪» ╪╖┘╪╖╪د┘ê┘è: Found 86 compatible schools.
Supervisor ╪╣┘à╪د╪» ┘à╪ص┘à╪» ┘à╪╡╪ذ╪د╪ص ╪╣┘┘è ╪╡┘é╪▒: Found 90 compatible schools.
Supervisor ┘ç╪د┘╪ر ┘à╪ص┘à╪» ╪╡┘╪د╪ص ╪▒╪┤╪د╪» ╪د╪ذ╪▒╪د┘ç┘è┘à: Found 90 compatible schools.
Supervisor ╪▓┘è┘╪ذ ╪ص┘┘à┘è ╪╣╪ذ╪» ╪د┘╪ص┘┘è┘à ┘à╪ص┘à╪»: Found 90 compatible schools.
Supervisor ┘╪د╪»┘è╪ر ╪╣╪ذ╪» ╪د┘┘ê┘ç╪د╪ذ ┘à╪ص┘à╪» ┘è┘ê╪│┘: Found 90 compatible schools.
Supervisor ╪▒╪ذ╪د╪ذ ╪ص╪د┘à╪» ╪╣╪ذ╪»┘ç ┘à╪ص┘à╪»  ╪ص╪ش╪د╪▓┘è: Found 90 compatible schools.
Supervisor ┘è╪د╪│╪▒ ┘à╪ص╪ذ ╪ص╪│┘è┘┘è ╪د┘╪│┘è╪»: Found 90 compatible schools.
Supervisor ╪د┘à┘ ┘à╪ص┘à╪» ╪▒╪┤╪د╪» ╪ح╪ذ╪▒╪د┘ç┘è┘à ╪د┘╪│┘è╪»: Found 90 compatible schools.
Supervisor ╪د┘à┘è┘╪ر ╪ص╪│┘ ┘â┘╪د┘┘è ┘à╪ص┘à╪»: Found 90 compatible schools.
Supervisor ╪ص┘╪د┘ ┘à╪ص┘à╪» ╪╡╪ذ╪▒┘è ┘à╪ص┘à╪» ╪د╪ذ╪▒╪د┘ç┘è┘à: Found 90 compatible schools.
Supervisor ┘à╪ص╪│┘ ╪╣╪ذ╪»╪د┘┘à╪╖┘╪ذ ╪╣┘┘ë ╪╣╪ذ╪»╪د┘┘à╪╖┘╪ذ: Found 90 compatible schools.
Supervisor ╪╣╪ذ┘è╪▒ ┘à╪ص┘à╪» ╪ث┘à┘è┘ ╪╣╪ذ╪» ╪د┘╪╣╪د┘: Found 90 compatible schools.
Supervisor ┘à╪ص┘à╪» ╪د┘╪│┘è╪» ┘à╪ز┘ê┘┘è ╪ث╪ص┘à╪» ╪د┘╪ذ┘ç┘╪│╪د┘ê┘è: Found 90 compatible schools.
Supervisor ╪د┘╪│┘è╪» ╪╣┘┘è ┘à╪ص┘à╪» ┘à╪ص┘à┘ê╪»: Found 90 compatible schools.
Supervisor ┘è╪د╪│╪▒ ╪»╪د┘ê╪» ╪د╪ص┘à╪» ╪»╪د┘ê╪»: Found 90 compatible schools.
Supervisor ┘à┘┘ë ┘à╪ص┘à┘ê╪» ┘à╪ص┘à╪» ╪╣┘┘ë: Found 90 compatible schools.
Supervisor ┘ç╪ذ╪ر ╪ث╪ص┘à╪» ┘╪د╪▒┘ê┘é ╪╣╪ذ╪» ╪د┘┘à╪ش┘è╪»: Found 90 compatible schools.
Supervisor ┘ê┘╪د╪ة ┘à╪ص┘à╪» ╪╣╪ذ╪»╪د┘╪▒╪د╪▓┘é ┘é┘╪»┘è┘: Found 90 compatible schools.
Supervisor ╪«╪د┘╪» ╪╡╪د┘╪ص ┘à╪ص┘à╪» ╪╣╪ذ╪»╪د┘┘é╪د╪»╪▒: Found 90 compatible schools.
Supervisor ╪ث╪ص┘à╪» ╪╣┘┘è ╪▓┘è┘ ╪د┘╪╣╪د╪ذ╪»┘è┘ ╪╣╪ذ╪» ╪د┘╪╣╪╕┘è┘à ┘à╪ص┘à╪»: Found 20 compatible schools.
Supervisor ┘à╪ص┘à╪» ╪╣╪ذ╪» ╪د┘╪╡╪ذ┘ê╪▒ ╪ص╪د┘à╪» ╪د┘╪ذ┘╪د: Found 20 compatible schools.
Supervisor ┘à╪ص┘à╪» ┘╪ز╪ص┘ë ┘è┘ê╪│┘ ╪│╪د┘┘à: Found 20 compatible schools.
Supervisor ╪«╪د┘╪» ╪╣╪ذ╪» ╪د┘┘┘ç ╪╣╪ذ╪» ╪د┘┘╪ز╪د╪ص: Found 20 compatible schools.
Supervisor ╪» ╪▒┘è┘┘è╪ر ╪╡╪ذ╪ص┘è ┘┘ç┘à┘è ╪ص┘╪د: Found 148 compatible schools.
Supervisor ╪» ┘╪د┘ç╪» ╪╡┘╪د╪ص ╪ث╪ص┘à╪» ╪╣╪ذ╪» ╪د┘╪▒╪ص┘è┘à: Found 148 compatible schools.
Supervisor ╪╣┘╪د╪ة ╪╡┘╪د╪ص ╪ص┘à┘ê╪» ╪ص┘à┘ê╪»╪ر: Found 148 compatible schools.
Supervisor ╪╣╪ذ╪»╪د ┘╪│╪ز╪د╪▒ ┘à╪ص┘à╪» ┘à╪ص┘à╪» ╪»╪│┘ê┘è┘é: Found 90 compatible schools.
Supervisor ╪▒╪د┘┘è╪د ┘à╪ص┘à╪» ╪د┘╪│╪╣┘è╪» ╪║╪▒┘è╪ذ: Found 20 compatible schools.
Supervisor ╪▒╪┤╪د ╪╣╪╖┘è╪ر ┘à╪ص┘à╪» ╪╣╪╖┘è╪ر: Found 148 compatible schools.
Supervisor ╪ث┘à┘ ╪د╪ص┘à╪» ╪╣┘ê╪╢ ╪د┘┘┘ç ╪ث╪ص┘à╪»: Found 90 compatible schools.
Supervisor ┘┘ê╪▒╪د ╪╣╪د╪»┘ ╪ح╪ذ╪▒╪د┘ç┘è┘à ┘à╪▒╪│┘è: Found 20 compatible schools.
Supervisor ╪د┘è┘╪د╪│ ╪د╪ص┘à╪» ╪╣╪ش┘à┘è: Found 20 compatible schools.
Supervisor ╪╣╪▓ ╪د┘╪»┘è┘ ╪╣╪▓╪ز ╪ح╪ذ╪▒╪د┘ç┘è┘à ┘à╪ص┘à╪» ┘à┘╪╡┘ê╪▒: Found 148 compatible schools.
Supervisor ╪▒╪╢╪د ╪ح╪ذ╪▒╪د┘ç┘è┘à ┘à╪ص┘à╪» ┘à╪ص┘à╪»: Found 148 compatible schools.
Supervisor ╪د┘╪│┘è╪» ╪╣╪ذ╪» ╪د┘╪│┘╪د┘à ╪▓┘â┘ë ╪╣╪ذ╪» ╪د┘┘┘ç: Found 148 compatible schools.
Supervisor ┘è╪د╪│╪▒ ╪╣┘┘ë ┘à╪ص┘à╪» ╪╣╪ذ╪» ╪د┘┘ê┘ç╪د╪ذ: Found 148 compatible schools.
Supervisor ╪ث╪ص┘à╪» ╪│┘à┘è╪▒ ╪╡╪د╪ذ╪▒ ╪ث╪ص┘à╪» ╪╣╪▒┘╪ر: Found 148 compatible schools.
Supervisor ┘à╪ص┘à┘ê╪» ╪ص╪│┘ ╪╣┘┘ë ┘à╪ز┘ê┘┘ë: Found 148 compatible schools.
Supervisor ╪ث╪┤╪▒┘ ┘à╪ص┘à╪» ╪ص╪│┘ ┘à┘╪╡┘ê╪▒: Found 148 compatible schools.
Supervisor ╪╣┘à╪د╪» ╪╣╪ذ╪» ╪د┘╪▒╪ص┘à┘ ┘à╪╡╪╖┘┘ë  ╪╣╪ذ╪» ╪د┘╪▒╪ص┘à┘: Found 20 compatible schools.
Supervisor ┘ç╪د┘╪ر ╪╣╪ذ╪» ╪د┘╪▒╪ص┘è┘à ┘à╪ص┘à╪» ╪د┘╪د╪ص┘à╪»┘è: Found 20 compatible schools.
Supervisor ╪│╪╣┘è╪» ┘à╪ص┘à┘ê╪» ┘à╪ص┘à┘ê╪» ╪د┘╪ذ╪»╪▒┘è: Found 20 compatible schools.
Supervisor ┘â┘à╪د┘ ╪د╪ص┘à╪» ╪د┘╪ص╪»╪د╪» ╪╖┘ç ╪╖┘ç: Found 20 compatible schools.
Supervisor ╪╣╪د╪╖┘ ╪╣╪ذ╪» ╪د┘╪║┘╪د╪▒ ╪╣╪ذ╪» ╪د┘┘╪╖┘è┘ ╪╣╪ذ╪» ╪د┘╪╣╪▓┘è╪▓: Found 20 compatible schools.
Supervisor ╪╡┘┘ê╪ز ┘à╪ص┘à╪» ╪▒╪┤╪د╪» ╪╣╪╖┘è╪ر ╪ص╪│┘: Found 20 compatible schools.
Supervisor ┘à╪▒┘ê╪ر ╪╣╪د╪╖┘ ╪╣╪ذ╪» ╪د┘╪╣╪▓┘è╪▓ ╪د┘╪│┘è╪»: Found 20 compatible schools.
Supervisor ┘╪ش┘╪د╪ة ╪د┘╪┤╪د╪░┘┘è ┘à╪ص┘à╪» ╪د┘╪│┘è╪»: Found 20 compatible schools.
Supervisor ┘à╪ص┘à╪» ╪د╪ذ╪▒╪د┘ç┘è┘à ┘à╪ص┘à╪» ╪د╪ذ╪▒╪د┘ç┘è┘à: Found 148 compatible schools.
Supervisor ┘à╪ص┘à╪» ╪د╪ص┘à╪» ┘à╪ص┘à┘ê╪» ┘à╪╡╪╖┘┘ë: Found 148 compatible schools.
Supervisor ╪ص┘┘┘è ╪╣╪ذ╪» ╪د┘┘ç╪د╪»┘è ╪ص┘┘┘è ╪╣╪ذ╪» ╪د┘┘ç╪د╪»┘è: Found 148 compatible schools.
Supervisor ╪د┘è╪د╪ز ╪╣╪╖┘è╪ر ╪╣╪ذ╪» ╪د┘╪╡╪ذ┘ê╪▒ ╪╣╪╖┘è┘ç: Found 148 compatible schools.
Supervisor ┘à╪ص┘à┘ê╪» ┘à╪ص┘à╪» ╪▒┘╪╣╪ز ┘à╪ص┘à╪» ╪د┘╪ش┘╪»┘è: Found 90 compatible schools.
Supervisor ┘┘ç╪د╪» ╪ذ╪»╪▒ ╪د┘╪»┘è┘ ┘à╪ص┘à┘ê╪» ╪╣╪ذ╪» ╪د┘╪╣╪▓┘è╪▓: Found 90 compatible schools.
Supervisor ╪د┘╪┤┘è┘à╪د╪ة ╪╣╪╖┘ê╪ر ╪┤╪ص╪د╪ز┘ç ╪د┘à┘è┘: Found 90 compatible schools.
Supervisor ┘à╪ص┘à╪» ┘┘ê╪▓┘è ╪╣╪ذ╪» ╪د┘┘ê┘ç╪د╪ذ ╪╣╪ذ╪» ╪د┘╪ص┘à┘è╪»: Found 90 compatible schools.
Supervisor ╪╣╪ذ┘è╪▒ ┘à╪ص┘à┘ê╪» ┘à╪╡╪╖┘┘ë ╪╡╪ذ╪▒┘ç: Found 90 compatible schools.
Supervisor ┘à┘┘ë ┘à╪ص┘à╪» ╪╣╪ذ╪» ╪د┘╪╣╪╕┘è┘à ╪╖╪╣┘è┘à╪ر: Found 148 compatible schools.
Supervisor ╪ش┘è┘ç╪د┘ ┘à╪ص┘à╪» ┘┘ê╪▓┘ë: Found 148 compatible schools.
Supervisor ╪د┘à╪د┘ ┘╪ز╪ص┘ë ┘à╪ص┘à╪» ╪│┘┘è┘à: Found 86 compatible schools.
Supervisor ╪د┘à┘ ┘à╪╣┘ê╪╢ ╪╣╪ذ╪» ╪د┘╪ص┘à┘è╪»: Found 86 compatible schools.
Supervisor ╪║╪د╪»╪ر ╪│┘┘è┘à ╪د┘┘à╪│┘┘à┘ë: Found 20 compatible schools.
Supervisor ╪ث┘à┘è╪▒╪ر ╪╣╪ذ╪» ╪د┘┘à┘é╪╡┘ê╪» ┘à╪ص┘à┘ê╪» ╪»╪▒╪د╪▓: Found 148 compatible schools.
Supervisor ╪│┘┘ê┘è ╪╣┘ê┘┘è ╪د╪ص┘à╪»: Found 20 compatible schools.
Supervisor ┘ê╪│╪د┘à ┘à╪ص┘à╪» ╪د┘┘ê╪▒: Found 148 compatible schools.
Supervisor ┘┘ê╪د┘ ┘à╪ص┘à╪» ┘à╪ص┘à╪»: Found 90 compatible schools.
Supervisor ┘à╪ج┘à┘ ╪د╪ص┘à╪» ┘ê╪ش╪»┘ë ╪ص╪│┘è┘ ╪د╪ص┘à╪» ╪د┘╪╣╪د┘è╪»┘ë: Found 148 compatible schools.
Supervisor ╪ش┘à╪د┘ ┘à╪ص┘à╪» ╪د╪ذ╪▒╪د┘ç┘è┘à ╪╣╪ذ╪»╪د┘┘à╪ش┘è╪»: Found 148 compatible schools.
Supervisor ╪╣╪ذ╪»╪د┘╪▒╪ص┘à┘ ╪║┘╪»┘ê╪▒ ╪╣╪ذ╪»╪د┘╪▒╪ص┘à┘ ╪║┘╪»┘ê╪▒: Found 148 compatible schools.
Supervisor ╪«╪د┘╪» ╪▓┘â╪▒┘è╪د ╪ص╪د┘à╪» ┘â╪│╪د╪ذ: Found 148 compatible schools.
Supervisor ╪│╪د┘à┘ë ╪╣╪ذ╪»╪د┘╪╣┘┘è┘à ╪╣╪ذ╪»╪د┘╪│┘╪د┘à ┘ê╪د┘┘ë: Found 148 compatible schools.
Supervisor ╪│╪╣┘è╪» ╪د┘╪│┘è╪» ┘à╪ص┘à╪»: Found 90 compatible schools.
Total compatibility matches: 18442
SUCCESS: Compatibility matching is working.
